Flow report for Processor
Fri Apr 05 00:26:11 2019
Quartus II Version 9.0 Build 132 02/25/2009 SJ Full Version


---------------------
; Table of Contents ;
---------------------
  1. Legal Notice
  2. Flow Summary
  3. Flow Settings
  4. Flow Non-Default Global Settings
  5. Flow Elapsed Time
  6. Flow OS Summary
  7. Flow Log



----------------
; Legal Notice ;
----------------
Copyright (C) 1991-2009 Altera Corporation
Your use of Altera Corporation's design tools, logic functions 
and other software and tools, and its AMPP partner logic 
functions, and any output files from any of the foregoing 
(including device programming or simulation files), and any 
associated documentation or information are expressly subject 
to the terms and conditions of the Altera Program License 
Subscription Agreement, Altera MegaCore Function License 
Agreement, or other applicable license agreement, including, 
without limitation, that your use is for the sole purpose of 
programming logic devices manufactured by Altera and sold by 
Altera or its authorized distributors.  Please refer to the 
applicable agreement for further details.



+--------------------------------------------------------------------------+
; Flow Summary                                                             ;
+-------------------------------+------------------------------------------+
; Flow Status                   ; Successful - Fri Apr 05 00:26:10 2019    ;
; Quartus II Version            ; 9.0 Build 132 02/25/2009 SJ Full Version ;
; Revision Name                 ; Processor                                ;
; Top-level Entity Name         ; MainSchema                               ;
; Family                        ; Stratix II                               ;
; Met timing requirements       ; N/A                                      ;
; Logic utilization             ; N/A                                      ;
;     Combinational ALUTs       ; 1,415                                    ;
;     Dedicated logic registers ; 2,787                                    ;
; Total registers               ; 2787                                     ;
; Total pins                    ; 200                                      ;
; Total virtual pins            ; 0                                        ;
; Total block memory bits       ; 2,097,152                                ;
; DSP block 9-bit elements      ; 0                                        ;
; Total PLLs                    ; 0                                        ;
; Total DLLs                    ; 0                                        ;
+-------------------------------+------------------------------------------+


+-----------------------------------------+
; Flow Settings                           ;
+-------------------+---------------------+
; Option            ; Setting             ;
+-------------------+---------------------+
; Start date & time ; 04/05/2019 00:25:11 ;
; Main task         ; Compilation         ;
; Revision Name     ; Processor           ;
+-------------------+---------------------+


+---------------------------------------------------------------------------------------------------------------------+
; Flow Non-Default Global Settings                                                                                    ;
+------------------------------------+---------------------------------+---------------+-------------+----------------+
; Assignment Name                    ; Value                           ; Default Value ; Entity Name ; Section Id     ;
+------------------------------------+---------------------------------+---------------+-------------+----------------+
; COMPILER_SIGNATURE_ID              ; 206916448973356.155441311006860 ; --            ; --          ; --             ;
; IP_TOOL_NAME                       ; LPM_BUSTRI                      ; --            ; --          ; --             ;
; IP_TOOL_NAME                       ; LPM_DECODE                      ; --            ; --          ; --             ;
; IP_TOOL_NAME                       ; LPM_FF                          ; --            ; --          ; --             ;
; IP_TOOL_NAME                       ; LPM_MUX                         ; --            ; --          ; --             ;
; IP_TOOL_NAME                       ; LPM_FF                          ; --            ; --          ; --             ;
; IP_TOOL_NAME                       ; LPM_COUNTER                     ; --            ; --          ; --             ;
; IP_TOOL_NAME                       ; LPM_COUNTER                     ; --            ; --          ; --             ;
; IP_TOOL_NAME                       ; LPM_FF                          ; --            ; --          ; --             ;
; IP_TOOL_NAME                       ; LPM_MUX                         ; --            ; --          ; --             ;
; IP_TOOL_NAME                       ; LPM_CONSTANT                    ; --            ; --          ; --             ;
; IP_TOOL_NAME                       ; LPM_FF                          ; --            ; --          ; --             ;
; IP_TOOL_NAME                       ; LPM_ADD_SUB                     ; --            ; --          ; --             ;
; IP_TOOL_NAME                       ; LPM_AND                         ; --            ; --          ; --             ;
; IP_TOOL_NAME                       ; LPM_INV                         ; --            ; --          ; --             ;
; IP_TOOL_NAME                       ; LPM_MUX                         ; --            ; --          ; --             ;
; IP_TOOL_NAME                       ; LPM_CONSTANT                    ; --            ; --          ; --             ;
; IP_TOOL_NAME                       ; LPM_COMPARE                     ; --            ; --          ; --             ;
; IP_TOOL_NAME                       ; LPM_MUX                         ; --            ; --          ; --             ;
; IP_TOOL_NAME                       ; LPM_AND                         ; --            ; --          ; --             ;
; IP_TOOL_NAME                       ; LPM_ROM                         ; --            ; --          ; --             ;
; IP_TOOL_NAME                       ; LPM_COUNTER                     ; --            ; --          ; --             ;
; IP_TOOL_NAME                       ; LPM_ADD_SUB                     ; --            ; --          ; --             ;
; IP_TOOL_NAME                       ; LPM_AND                         ; --            ; --          ; --             ;
; IP_TOOL_NAME                       ; LPM_MUX                         ; --            ; --          ; --             ;
; IP_TOOL_NAME                       ; LPM_MUX                         ; --            ; --          ; --             ;
; IP_TOOL_NAME                       ; LPM_BUSTRI                      ; --            ; --          ; --             ;
; IP_TOOL_NAME                       ; LPM_ROM                         ; --            ; --          ; --             ;
; IP_TOOL_NAME                       ; LPM_COUNTER                     ; --            ; --          ; --             ;
; IP_TOOL_NAME                       ; LPM_MUX                         ; --            ; --          ; --             ;
; IP_TOOL_NAME                       ; LPM_ADD_SUB                     ; --            ; --          ; --             ;
; IP_TOOL_NAME                       ; LPM_ADD_SUB                     ; --            ; --          ; --             ;
; IP_TOOL_NAME                       ; LPM_ADD_SUB                     ; --            ; --          ; --             ;
; IP_TOOL_NAME                       ; LPM_ADD_SUB                     ; --            ; --          ; --             ;
; IP_TOOL_NAME                       ; LPM_ADD_SUB                     ; --            ; --          ; --             ;
; IP_TOOL_NAME                       ; LPM_ADD_SUB                     ; --            ; --          ; --             ;
; IP_TOOL_NAME                       ; LPM_ADD_SUB                     ; --            ; --          ; --             ;
; IP_TOOL_NAME                       ; LPM_FF                          ; --            ; --          ; --             ;
; IP_TOOL_NAME                       ; LPM_OR                          ; --            ; --          ; --             ;
; IP_TOOL_NAME                       ; LPM_INV                         ; --            ; --          ; --             ;
; IP_TOOL_NAME                       ; LPM_ADD_SUB                     ; --            ; --          ; --             ;
; IP_TOOL_NAME                       ; LPM_OR                          ; --            ; --          ; --             ;
; IP_TOOL_NAME                       ; LPM_CLSHIFT                     ; --            ; --          ; --             ;
; IP_TOOL_NAME                       ; LPM_CONSTANT                    ; --            ; --          ; --             ;
; IP_TOOL_NAME                       ; LPM_MUX                         ; --            ; --          ; --             ;
; IP_TOOL_NAME                       ; LPM_COUNTER                     ; --            ; --          ; --             ;
; IP_TOOL_NAME                       ; LPM_CONSTANT                    ; --            ; --          ; --             ;
; IP_TOOL_NAME                       ; LPM_ADD_SUB                     ; --            ; --          ; --             ;
; IP_TOOL_NAME                       ; LPM_FF                          ; --            ; --          ; --             ;
; IP_TOOL_NAME                       ; LPM_AND                         ; --            ; --          ; --             ;
; IP_TOOL_NAME                       ; LPM_AND                         ; --            ; --          ; --             ;
; IP_TOOL_NAME                       ; LPM_CONSTANT                    ; --            ; --          ; --             ;
; IP_TOOL_NAME                       ; LPM_ADD_SUB                     ; --            ; --          ; --             ;
; IP_TOOL_NAME                       ; LPM_ADD_SUB                     ; --            ; --          ; --             ;
; IP_TOOL_NAME                       ; LPM_MUX                         ; --            ; --          ; --             ;
; IP_TOOL_NAME                       ; LPM_FF                          ; --            ; --          ; --             ;
; IP_TOOL_NAME                       ; LPM_ROM                         ; --            ; --          ; --             ;
; IP_TOOL_NAME                       ; LPM_COUNTER                     ; --            ; --          ; --             ;
; IP_TOOL_NAME                       ; LPM_COUNTER                     ; --            ; --          ; --             ;
; IP_TOOL_NAME                       ; LPM_DECODE                      ; --            ; --          ; --             ;
; IP_TOOL_NAME                       ; LPM_FF                          ; --            ; --          ; --             ;
; IP_TOOL_NAME                       ; LPM_COUNTER                     ; --            ; --          ; --             ;
; IP_TOOL_NAME                       ; LPM_DECODE                      ; --            ; --          ; --             ;
; IP_TOOL_NAME                       ; LPM_COUNTER                     ; --            ; --          ; --             ;
; IP_TOOL_NAME                       ; LPM_ADD_SUB                     ; --            ; --          ; --             ;
; IP_TOOL_NAME                       ; LPM_OR                          ; --            ; --          ; --             ;
; IP_TOOL_NAME                       ; LPM_CONSTANT                    ; --            ; --          ; --             ;
; IP_TOOL_NAME                       ; LPM_FF                          ; --            ; --          ; --             ;
; IP_TOOL_NAME                       ; LPM_FF                          ; --            ; --          ; --             ;
; IP_TOOL_NAME                       ; LPM_ADD_SUB                     ; --            ; --          ; --             ;
; IP_TOOL_NAME                       ; LPM_MUX                         ; --            ; --          ; --             ;
; IP_TOOL_NAME                       ; LPM_AND                         ; --            ; --          ; --             ;
; IP_TOOL_NAME                       ; LPM_FF                          ; --            ; --          ; --             ;
; IP_TOOL_NAME                       ; LPM_FF                          ; --            ; --          ; --             ;
; IP_TOOL_NAME                       ; LPM_FF                          ; --            ; --          ; --             ;
; IP_TOOL_NAME                       ; LPM_CONSTANT                    ; --            ; --          ; --             ;
; IP_TOOL_NAME                       ; LPM_CONSTANT                    ; --            ; --          ; --             ;
; IP_TOOL_NAME                       ; LPM_CONSTANT                    ; --            ; --          ; --             ;
; IP_TOOL_NAME                       ; LPM_CONSTANT                    ; --            ; --          ; --             ;
; IP_TOOL_NAME                       ; LPM_CONSTANT                    ; --            ; --          ; --             ;
; IP_TOOL_NAME                       ; LPM_AND                         ; --            ; --          ; --             ;
; IP_TOOL_NAME                       ; LPM_COMPARE                     ; --            ; --          ; --             ;
; IP_TOOL_NAME                       ; LPM_OR                          ; --            ; --          ; --             ;
; IP_TOOL_NAME                       ; LPM_AND                         ; --            ; --          ; --             ;
; IP_TOOL_NAME                       ; LPM_COUNTER                     ; --            ; --          ; --             ;
; IP_TOOL_NAME                       ; LPM_DECODE                      ; --            ; --          ; --             ;
; IP_TOOL_NAME                       ; LPM_MUX                         ; --            ; --          ; --             ;
; IP_TOOL_NAME                       ; LPM_CONSTANT                    ; --            ; --          ; --             ;
; IP_TOOL_NAME                       ; LPM_BUSTRI                      ; --            ; --          ; --             ;
; IP_TOOL_NAME                       ; LPM_DECODE                      ; --            ; --          ; --             ;
; IP_TOOL_NAME                       ; LPM_DECODE                      ; --            ; --          ; --             ;
; IP_TOOL_NAME                       ; LPM_DECODE                      ; --            ; --          ; --             ;
; IP_TOOL_NAME                       ; LPM_CONSTANT                    ; --            ; --          ; --             ;
; IP_TOOL_NAME                       ; LPM_FF                          ; --            ; --          ; --             ;
; IP_TOOL_NAME                       ; LPM_INV                         ; --            ; --          ; --             ;
; IP_TOOL_NAME                       ; LPM_COMPARE                     ; --            ; --          ; --             ;
; IP_TOOL_NAME                       ; LPM_CONSTANT                    ; --            ; --          ; --             ;
; IP_TOOL_NAME                       ; LPM_INV                         ; --            ; --          ; --             ;
; IP_TOOL_NAME                       ; LPM_INV                         ; --            ; --          ; --             ;
; IP_TOOL_NAME                       ; LPM_DECODE                      ; --            ; --          ; --             ;
; IP_TOOL_NAME                       ; LPM_BUSTRI                      ; --            ; --          ; --             ;
; IP_TOOL_NAME                       ; LPM_CONSTANT                    ; --            ; --          ; --             ;
; IP_TOOL_NAME                       ; LPM_AND                         ; --            ; --          ; --             ;
; IP_TOOL_NAME                       ; LPM_COUNTER                     ; --            ; --          ; --             ;
; IP_TOOL_NAME                       ; LPM_MUX                         ; --            ; --          ; --             ;
; IP_TOOL_NAME                       ; LPM_COUNTER                     ; --            ; --          ; --             ;
; IP_TOOL_NAME                       ; LPM_CONSTANT                    ; --            ; --          ; --             ;
; IP_TOOL_NAME                       ; LPM_CONSTANT                    ; --            ; --          ; --             ;
; IP_TOOL_NAME                       ; LPM_CONSTANT                    ; --            ; --          ; --             ;
; IP_TOOL_NAME                       ; LPM_CONSTANT                    ; --            ; --          ; --             ;
; IP_TOOL_NAME                       ; LPM_COMPARE                     ; --            ; --          ; --             ;
; IP_TOOL_NAME                       ; LPM_CONSTANT                    ; --            ; --          ; --             ;
; IP_TOOL_NAME                       ; LPM_OR                          ; --            ; --          ; --             ;
; IP_TOOL_NAME                       ; LPM_CONSTANT                    ; --            ; --          ; --             ;
; IP_TOOL_NAME                       ; LPM_CONSTANT                    ; --            ; --          ; --             ;
; IP_TOOL_NAME                       ; LPM_CONSTANT                    ; --            ; --          ; --             ;
; IP_TOOL_NAME                       ; LPM_CONSTANT                    ; --            ; --          ; --             ;
; IP_TOOL_NAME                       ; LPM_CONSTANT                    ; --            ; --          ; --             ;
; IP_TOOL_NAME                       ; LPM_CONSTANT                    ; --            ; --          ; --             ;
; IP_TOOL_NAME                       ; LPM_OR                          ; --            ; --          ; --             ;
; IP_TOOL_NAME                       ; LPM_OR                          ; --            ; --          ; --             ;
; IP_TOOL_NAME                       ; LPM_CONSTANT                    ; --            ; --          ; --             ;
; IP_TOOL_NAME                       ; LPM_CONSTANT                    ; --            ; --          ; --             ;
; IP_TOOL_NAME                       ; LPM_COUNTER                     ; --            ; --          ; --             ;
; IP_TOOL_NAME                       ; LPM_CONSTANT                    ; --            ; --          ; --             ;
; IP_TOOL_NAME                       ; LPM_CONSTANT                    ; --            ; --          ; --             ;
; IP_TOOL_NAME                       ; LPM_CONSTANT                    ; --            ; --          ; --             ;
; IP_TOOL_NAME                       ; LPM_CONSTANT                    ; --            ; --          ; --             ;
; IP_TOOL_NAME                       ; LPM_CONSTANT                    ; --            ; --          ; --             ;
; IP_TOOL_NAME                       ; LPM_ADD_SUB                     ; --            ; --          ; --             ;
; IP_TOOL_NAME                       ; LPM_COUNTER                     ; --            ; --          ; --             ;
; IP_TOOL_NAME                       ; LPM_AND                         ; --            ; --          ; --             ;
; IP_TOOL_NAME                       ; LPM_INV                         ; --            ; --          ; --             ;
; IP_TOOL_NAME                       ; LPM_CONSTANT                    ; --            ; --          ; --             ;
; IP_TOOL_NAME                       ; LPM_CONSTANT                    ; --            ; --          ; --             ;
; IP_TOOL_NAME                       ; LPM_MUX                         ; --            ; --          ; --             ;
; IP_TOOL_NAME                       ; LPM_COMPARE                     ; --            ; --          ; --             ;
; IP_TOOL_NAME                       ; LPM_COMPARE                     ; --            ; --          ; --             ;
; IP_TOOL_NAME                       ; LPM_CONSTANT                    ; --            ; --          ; --             ;
; IP_TOOL_NAME                       ; LPM_CONSTANT                    ; --            ; --          ; --             ;
; IP_TOOL_NAME                       ; LPM_CONSTANT                    ; --            ; --          ; --             ;
; IP_TOOL_NAME                       ; LPM_BUSTRI                      ; --            ; --          ; --             ;
; IP_TOOL_NAME                       ; LPM_COUNTER                     ; --            ; --          ; --             ;
; IP_TOOL_VERSION                    ; 9.0                             ; --            ; --          ; --             ;
; IP_TOOL_VERSION                    ; 9.0                             ; --            ; --          ; --             ;
; IP_TOOL_VERSION                    ; 9.0                             ; --            ; --          ; --             ;
; IP_TOOL_VERSION                    ; 9.0                             ; --            ; --          ; --             ;
; IP_TOOL_VERSION                    ; 9.0                             ; --            ; --          ; --             ;
; IP_TOOL_VERSION                    ; 9.0                             ; --            ; --          ; --             ;
; IP_TOOL_VERSION                    ; 9.0                             ; --            ; --          ; --             ;
; IP_TOOL_VERSION                    ; 9.0                             ; --            ; --          ; --             ;
; IP_TOOL_VERSION                    ; 9.0                             ; --            ; --          ; --             ;
; IP_TOOL_VERSION                    ; 9.0                             ; --            ; --          ; --             ;
; IP_TOOL_VERSION                    ; 9.0                             ; --            ; --          ; --             ;
; IP_TOOL_VERSION                    ; 9.0                             ; --            ; --          ; --             ;
; IP_TOOL_VERSION                    ; 9.0                             ; --            ; --          ; --             ;
; IP_TOOL_VERSION                    ; 9.0                             ; --            ; --          ; --             ;
; IP_TOOL_VERSION                    ; 9.0                             ; --            ; --          ; --             ;
; IP_TOOL_VERSION                    ; 9.0                             ; --            ; --          ; --             ;
; IP_TOOL_VERSION                    ; 9.0                             ; --            ; --          ; --             ;
; IP_TOOL_VERSION                    ; 9.0                             ; --            ; --          ; --             ;
; IP_TOOL_VERSION                    ; 9.0                             ; --            ; --          ; --             ;
; IP_TOOL_VERSION                    ; 9.0                             ; --            ; --          ; --             ;
; IP_TOOL_VERSION                    ; 9.0                             ; --            ; --          ; --             ;
; IP_TOOL_VERSION                    ; 9.0                             ; --            ; --          ; --             ;
; IP_TOOL_VERSION                    ; 9.0                             ; --            ; --          ; --             ;
; IP_TOOL_VERSION                    ; 9.0                             ; --            ; --          ; --             ;
; IP_TOOL_VERSION                    ; 9.0                             ; --            ; --          ; --             ;
; IP_TOOL_VERSION                    ; 9.0                             ; --            ; --          ; --             ;
; IP_TOOL_VERSION                    ; 9.0                             ; --            ; --          ; --             ;
; IP_TOOL_VERSION                    ; 9.0                             ; --            ; --          ; --             ;
; IP_TOOL_VERSION                    ; 9.0                             ; --            ; --          ; --             ;
; IP_TOOL_VERSION                    ; 9.0                             ; --            ; --          ; --             ;
; IP_TOOL_VERSION                    ; 9.0                             ; --            ; --          ; --             ;
; IP_TOOL_VERSION                    ; 9.0                             ; --            ; --          ; --             ;
; IP_TOOL_VERSION                    ; 9.0                             ; --            ; --          ; --             ;
; IP_TOOL_VERSION                    ; 9.0                             ; --            ; --          ; --             ;
; IP_TOOL_VERSION                    ; 9.0                             ; --            ; --          ; --             ;
; IP_TOOL_VERSION                    ; 9.0                             ; --            ; --          ; --             ;
; IP_TOOL_VERSION                    ; 9.0                             ; --            ; --          ; --             ;
; IP_TOOL_VERSION                    ; 9.0                             ; --            ; --          ; --             ;
; IP_TOOL_VERSION                    ; 9.0                             ; --            ; --          ; --             ;
; IP_TOOL_VERSION                    ; 9.0                             ; --            ; --          ; --             ;
; IP_TOOL_VERSION                    ; 9.0                             ; --            ; --          ; --             ;
; IP_TOOL_VERSION                    ; 9.0                             ; --            ; --          ; --             ;
; IP_TOOL_VERSION                    ; 9.0                             ; --            ; --          ; --             ;
; IP_TOOL_VERSION                    ; 9.0                             ; --            ; --          ; --             ;
; IP_TOOL_VERSION                    ; 9.0                             ; --            ; --          ; --             ;
; IP_TOOL_VERSION                    ; 9.0                             ; --            ; --          ; --             ;
; IP_TOOL_VERSION                    ; 9.0                             ; --            ; --          ; --             ;
; IP_TOOL_VERSION                    ; 9.0                             ; --            ; --          ; --             ;
; IP_TOOL_VERSION                    ; 9.0                             ; --            ; --          ; --             ;
; IP_TOOL_VERSION                    ; 9.0                             ; --            ; --          ; --             ;
; IP_TOOL_VERSION                    ; 9.0                             ; --            ; --          ; --             ;
; IP_TOOL_VERSION                    ; 9.0                             ; --            ; --          ; --             ;
; IP_TOOL_VERSION                    ; 9.0                             ; --            ; --          ; --             ;
; IP_TOOL_VERSION                    ; 9.0                             ; --            ; --          ; --             ;
; IP_TOOL_VERSION                    ; 9.0                             ; --            ; --          ; --             ;
; IP_TOOL_VERSION                    ; 9.0                             ; --            ; --          ; --             ;
; IP_TOOL_VERSION                    ; 9.0                             ; --            ; --          ; --             ;
; IP_TOOL_VERSION                    ; 9.0                             ; --            ; --          ; --             ;
; IP_TOOL_VERSION                    ; 9.0                             ; --            ; --          ; --             ;
; IP_TOOL_VERSION                    ; 9.0                             ; --            ; --          ; --             ;
; IP_TOOL_VERSION                    ; 9.0                             ; --            ; --          ; --             ;
; IP_TOOL_VERSION                    ; 9.0                             ; --            ; --          ; --             ;
; IP_TOOL_VERSION                    ; 9.0                             ; --            ; --          ; --             ;
; IP_TOOL_VERSION                    ; 9.0                             ; --            ; --          ; --             ;
; IP_TOOL_VERSION                    ; 9.0                             ; --            ; --          ; --             ;
; IP_TOOL_VERSION                    ; 9.0                             ; --            ; --          ; --             ;
; IP_TOOL_VERSION                    ; 9.0                             ; --            ; --          ; --             ;
; IP_TOOL_VERSION                    ; 9.0                             ; --            ; --          ; --             ;
; IP_TOOL_VERSION                    ; 9.0                             ; --            ; --          ; --             ;
; IP_TOOL_VERSION                    ; 9.0                             ; --            ; --          ; --             ;
; IP_TOOL_VERSION                    ; 9.0                             ; --            ; --          ; --             ;
; IP_TOOL_VERSION                    ; 9.0                             ; --            ; --          ; --             ;
; IP_TOOL_VERSION                    ; 9.0                             ; --            ; --          ; --             ;
; IP_TOOL_VERSION                    ; 9.0                             ; --            ; --          ; --             ;
; IP_TOOL_VERSION                    ; 9.0                             ; --            ; --          ; --             ;
; IP_TOOL_VERSION                    ; 9.0                             ; --            ; --          ; --             ;
; IP_TOOL_VERSION                    ; 9.0                             ; --            ; --          ; --             ;
; IP_TOOL_VERSION                    ; 9.0                             ; --            ; --          ; --             ;
; IP_TOOL_VERSION                    ; 9.0                             ; --            ; --          ; --             ;
; IP_TOOL_VERSION                    ; 9.0                             ; --            ; --          ; --             ;
; IP_TOOL_VERSION                    ; 9.0                             ; --            ; --          ; --             ;
; IP_TOOL_VERSION                    ; 9.0                             ; --            ; --          ; --             ;
; IP_TOOL_VERSION                    ; 9.0                             ; --            ; --          ; --             ;
; IP_TOOL_VERSION                    ; 9.0                             ; --            ; --          ; --             ;
; IP_TOOL_VERSION                    ; 9.0                             ; --            ; --          ; --             ;
; IP_TOOL_VERSION                    ; 9.0                             ; --            ; --          ; --             ;
; IP_TOOL_VERSION                    ; 9.0                             ; --            ; --          ; --             ;
; IP_TOOL_VERSION                    ; 9.0                             ; --            ; --          ; --             ;
; IP_TOOL_VERSION                    ; 9.0                             ; --            ; --          ; --             ;
; IP_TOOL_VERSION                    ; 9.0                             ; --            ; --          ; --             ;
; IP_TOOL_VERSION                    ; 9.0                             ; --            ; --          ; --             ;
; IP_TOOL_VERSION                    ; 9.0                             ; --            ; --          ; --             ;
; IP_TOOL_VERSION                    ; 9.0                             ; --            ; --          ; --             ;
; IP_TOOL_VERSION                    ; 9.0                             ; --            ; --          ; --             ;
; IP_TOOL_VERSION                    ; 9.0                             ; --            ; --          ; --             ;
; IP_TOOL_VERSION                    ; 9.0                             ; --            ; --          ; --             ;
; IP_TOOL_VERSION                    ; 9.0                             ; --            ; --          ; --             ;
; IP_TOOL_VERSION                    ; 9.0                             ; --            ; --          ; --             ;
; IP_TOOL_VERSION                    ; 9.0                             ; --            ; --          ; --             ;
; IP_TOOL_VERSION                    ; 9.0                             ; --            ; --          ; --             ;
; IP_TOOL_VERSION                    ; 9.0                             ; --            ; --          ; --             ;
; IP_TOOL_VERSION                    ; 9.0                             ; --            ; --          ; --             ;
; IP_TOOL_VERSION                    ; 9.0                             ; --            ; --          ; --             ;
; IP_TOOL_VERSION                    ; 9.0                             ; --            ; --          ; --             ;
; IP_TOOL_VERSION                    ; 9.0                             ; --            ; --          ; --             ;
; IP_TOOL_VERSION                    ; 9.0                             ; --            ; --          ; --             ;
; IP_TOOL_VERSION                    ; 9.0                             ; --            ; --          ; --             ;
; IP_TOOL_VERSION                    ; 9.0                             ; --            ; --          ; --             ;
; IP_TOOL_VERSION                    ; 9.0                             ; --            ; --          ; --             ;
; IP_TOOL_VERSION                    ; 9.0                             ; --            ; --          ; --             ;
; IP_TOOL_VERSION                    ; 9.0                             ; --            ; --          ; --             ;
; IP_TOOL_VERSION                    ; 9.0                             ; --            ; --          ; --             ;
; IP_TOOL_VERSION                    ; 9.0                             ; --            ; --          ; --             ;
; IP_TOOL_VERSION                    ; 9.0                             ; --            ; --          ; --             ;
; IP_TOOL_VERSION                    ; 9.0                             ; --            ; --          ; --             ;
; IP_TOOL_VERSION                    ; 9.0                             ; --            ; --          ; --             ;
; IP_TOOL_VERSION                    ; 9.0                             ; --            ; --          ; --             ;
; IP_TOOL_VERSION                    ; 9.0                             ; --            ; --          ; --             ;
; IP_TOOL_VERSION                    ; 9.0                             ; --            ; --          ; --             ;
; IP_TOOL_VERSION                    ; 9.0                             ; --            ; --          ; --             ;
; IP_TOOL_VERSION                    ; 9.0                             ; --            ; --          ; --             ;
; IP_TOOL_VERSION                    ; 9.0                             ; --            ; --          ; --             ;
; IP_TOOL_VERSION                    ; 9.0                             ; --            ; --          ; --             ;
; IP_TOOL_VERSION                    ; 9.0                             ; --            ; --          ; --             ;
; IP_TOOL_VERSION                    ; 9.0                             ; --            ; --          ; --             ;
; IP_TOOL_VERSION                    ; 9.0                             ; --            ; --          ; --             ;
; IP_TOOL_VERSION                    ; 9.0                             ; --            ; --          ; --             ;
; IP_TOOL_VERSION                    ; 9.0                             ; --            ; --          ; --             ;
; IP_TOOL_VERSION                    ; 9.0                             ; --            ; --          ; --             ;
; IP_TOOL_VERSION                    ; 9.0                             ; --            ; --          ; --             ;
; IP_TOOL_VERSION                    ; 9.0                             ; --            ; --          ; --             ;
; IP_TOOL_VERSION                    ; 9.0                             ; --            ; --          ; --             ;
; IP_TOOL_VERSION                    ; 9.0                             ; --            ; --          ; --             ;
; IP_TOOL_VERSION                    ; 9.0                             ; --            ; --          ; --             ;
; IP_TOOL_VERSION                    ; 9.0                             ; --            ; --          ; --             ;
; IP_TOOL_VERSION                    ; 9.0                             ; --            ; --          ; --             ;
; IP_TOOL_VERSION                    ; 9.0                             ; --            ; --          ; --             ;
; IP_TOOL_VERSION                    ; 9.0                             ; --            ; --          ; --             ;
; IP_TOOL_VERSION                    ; 9.0                             ; --            ; --          ; --             ;
; IP_TOOL_VERSION                    ; 9.0                             ; --            ; --          ; --             ;
; IP_TOOL_VERSION                    ; 9.0                             ; --            ; --          ; --             ;
; IP_TOOL_VERSION                    ; 9.0                             ; --            ; --          ; --             ;
; MISC_FILE                          ; D:/SIFO/Processor.dpf           ; --            ; --          ; --             ;
; MISC_FILE                          ; lpm_bustri0.tdf                 ; --            ; --          ; --             ;
; MISC_FILE                          ; lpm_bustri0.bsf                 ; --            ; --          ; --             ;
; MISC_FILE                          ; lpm_bustri0.inc                 ; --            ; --          ; --             ;
; MISC_FILE                          ; lpm_decode0.tdf                 ; --            ; --          ; --             ;
; MISC_FILE                          ; lpm_decode0.bsf                 ; --            ; --          ; --             ;
; MISC_FILE                          ; lpm_decode0.inc                 ; --            ; --          ; --             ;
; MISC_FILE                          ; lpm_dff0.tdf                    ; --            ; --          ; --             ;
; MISC_FILE                          ; lpm_dff0.bsf                    ; --            ; --          ; --             ;
; MISC_FILE                          ; lpm_dff0.inc                    ; --            ; --          ; --             ;
; MISC_FILE                          ; lpm_mux0.tdf                    ; --            ; --          ; --             ;
; MISC_FILE                          ; lpm_mux0.bsf                    ; --            ; --          ; --             ;
; MISC_FILE                          ; lpm_mux0.inc                    ; --            ; --          ; --             ;
; MISC_FILE                          ; lpm_dff2.tdf                    ; --            ; --          ; --             ;
; MISC_FILE                          ; lpm_dff2.bsf                    ; --            ; --          ; --             ;
; MISC_FILE                          ; lpm_dff2.inc                    ; --            ; --          ; --             ;
; MISC_FILE                          ; lpm_counter0.tdf                ; --            ; --          ; --             ;
; MISC_FILE                          ; lpm_counter0.bsf                ; --            ; --          ; --             ;
; MISC_FILE                          ; lpm_counter0.inc                ; --            ; --          ; --             ;
; MISC_FILE                          ; lpm_counter1.tdf                ; --            ; --          ; --             ;
; MISC_FILE                          ; lpm_counter1.bsf                ; --            ; --          ; --             ;
; MISC_FILE                          ; lpm_counter1.inc                ; --            ; --          ; --             ;
; MISC_FILE                          ; lpm_dff1.tdf                    ; --            ; --          ; --             ;
; MISC_FILE                          ; lpm_dff1.bsf                    ; --            ; --          ; --             ;
; MISC_FILE                          ; lpm_dff1.inc                    ; --            ; --          ; --             ;
; MISC_FILE                          ; lpm_mux1.tdf                    ; --            ; --          ; --             ;
; MISC_FILE                          ; lpm_mux1.bsf                    ; --            ; --          ; --             ;
; MISC_FILE                          ; lpm_mux1.inc                    ; --            ; --          ; --             ;
; MISC_FILE                          ; lpm_constant0.tdf               ; --            ; --          ; --             ;
; MISC_FILE                          ; lpm_constant0.bsf               ; --            ; --          ; --             ;
; MISC_FILE                          ; lpm_constant0.inc               ; --            ; --          ; --             ;
; MISC_FILE                          ; lpm_dff3.tdf                    ; --            ; --          ; --             ;
; MISC_FILE                          ; lpm_dff3.bsf                    ; --            ; --          ; --             ;
; MISC_FILE                          ; lpm_dff3.inc                    ; --            ; --          ; --             ;
; MISC_FILE                          ; lpm_add_sub0.tdf                ; --            ; --          ; --             ;
; MISC_FILE                          ; lpm_add_sub0.bsf                ; --            ; --          ; --             ;
; MISC_FILE                          ; lpm_add_sub0.inc                ; --            ; --          ; --             ;
; MISC_FILE                          ; lpm_and0.tdf                    ; --            ; --          ; --             ;
; MISC_FILE                          ; lpm_and0.bsf                    ; --            ; --          ; --             ;
; MISC_FILE                          ; lpm_and0.inc                    ; --            ; --          ; --             ;
; MISC_FILE                          ; lpm_inv0.tdf                    ; --            ; --          ; --             ;
; MISC_FILE                          ; lpm_inv0.bsf                    ; --            ; --          ; --             ;
; MISC_FILE                          ; lpm_inv0.inc                    ; --            ; --          ; --             ;
; MISC_FILE                          ; lpm_mux2.tdf                    ; --            ; --          ; --             ;
; MISC_FILE                          ; lpm_mux2.bsf                    ; --            ; --          ; --             ;
; MISC_FILE                          ; lpm_mux2.inc                    ; --            ; --          ; --             ;
; MISC_FILE                          ; lpm_constant1.tdf               ; --            ; --          ; --             ;
; MISC_FILE                          ; lpm_constant1.bsf               ; --            ; --          ; --             ;
; MISC_FILE                          ; lpm_constant1.inc               ; --            ; --          ; --             ;
; MISC_FILE                          ; lpm_compare0.tdf                ; --            ; --          ; --             ;
; MISC_FILE                          ; lpm_compare0.bsf                ; --            ; --          ; --             ;
; MISC_FILE                          ; lpm_compare0.inc                ; --            ; --          ; --             ;
; MISC_FILE                          ; lpm_mux3.tdf                    ; --            ; --          ; --             ;
; MISC_FILE                          ; lpm_mux3.bsf                    ; --            ; --          ; --             ;
; MISC_FILE                          ; lpm_mux3.inc                    ; --            ; --          ; --             ;
; MISC_FILE                          ; lpm_and1.tdf                    ; --            ; --          ; --             ;
; MISC_FILE                          ; lpm_and1.bsf                    ; --            ; --          ; --             ;
; MISC_FILE                          ; lpm_and1.inc                    ; --            ; --          ; --             ;
; MISC_FILE                          ; lpm_rom0.tdf                    ; --            ; --          ; --             ;
; MISC_FILE                          ; lpm_rom0.bsf                    ; --            ; --          ; --             ;
; MISC_FILE                          ; lpm_rom0.inc                    ; --            ; --          ; --             ;
; MISC_FILE                          ; lpm_counter2.tdf                ; --            ; --          ; --             ;
; MISC_FILE                          ; lpm_counter2.bsf                ; --            ; --          ; --             ;
; MISC_FILE                          ; lpm_counter2.inc                ; --            ; --          ; --             ;
; MISC_FILE                          ; lpm_add_sub1.tdf                ; --            ; --          ; --             ;
; MISC_FILE                          ; lpm_add_sub1.bsf                ; --            ; --          ; --             ;
; MISC_FILE                          ; lpm_add_sub1.inc                ; --            ; --          ; --             ;
; MISC_FILE                          ; lpm_and2.tdf                    ; --            ; --          ; --             ;
; MISC_FILE                          ; lpm_and2.bsf                    ; --            ; --          ; --             ;
; MISC_FILE                          ; lpm_and2.inc                    ; --            ; --          ; --             ;
; MISC_FILE                          ; lpm_mux4.tdf                    ; --            ; --          ; --             ;
; MISC_FILE                          ; lpm_mux4.bsf                    ; --            ; --          ; --             ;
; MISC_FILE                          ; lpm_mux4.inc                    ; --            ; --          ; --             ;
; MISC_FILE                          ; lpm_mux5.tdf                    ; --            ; --          ; --             ;
; MISC_FILE                          ; lpm_mux5.bsf                    ; --            ; --          ; --             ;
; MISC_FILE                          ; lpm_mux5.inc                    ; --            ; --          ; --             ;
; MISC_FILE                          ; lpm_bustri1.tdf                 ; --            ; --          ; --             ;
; MISC_FILE                          ; lpm_bustri1.bsf                 ; --            ; --          ; --             ;
; MISC_FILE                          ; lpm_bustri1.inc                 ; --            ; --          ; --             ;
; MISC_FILE                          ; lpm_rom1.tdf                    ; --            ; --          ; --             ;
; MISC_FILE                          ; lpm_rom1.bsf                    ; --            ; --          ; --             ;
; MISC_FILE                          ; lpm_rom1.inc                    ; --            ; --          ; --             ;
; MISC_FILE                          ; lpm_counter3.tdf                ; --            ; --          ; --             ;
; MISC_FILE                          ; lpm_counter3.bsf                ; --            ; --          ; --             ;
; MISC_FILE                          ; lpm_counter3.inc                ; --            ; --          ; --             ;
; MISC_FILE                          ; lpm_mux6.tdf                    ; --            ; --          ; --             ;
; MISC_FILE                          ; lpm_mux6.bsf                    ; --            ; --          ; --             ;
; MISC_FILE                          ; lpm_mux6.inc                    ; --            ; --          ; --             ;
; MISC_FILE                          ; lpm_add_sub2.tdf                ; --            ; --          ; --             ;
; MISC_FILE                          ; lpm_add_sub2.bsf                ; --            ; --          ; --             ;
; MISC_FILE                          ; lpm_add_sub2.inc                ; --            ; --          ; --             ;
; MISC_FILE                          ; lpm_add_sub3.tdf                ; --            ; --          ; --             ;
; MISC_FILE                          ; lpm_add_sub3.bsf                ; --            ; --          ; --             ;
; MISC_FILE                          ; lpm_add_sub3.inc                ; --            ; --          ; --             ;
; MISC_FILE                          ; lpm_add_sub4.tdf                ; --            ; --          ; --             ;
; MISC_FILE                          ; lpm_add_sub4.bsf                ; --            ; --          ; --             ;
; MISC_FILE                          ; lpm_add_sub4.inc                ; --            ; --          ; --             ;
; MISC_FILE                          ; lpm_add_sub5.tdf                ; --            ; --          ; --             ;
; MISC_FILE                          ; lpm_add_sub5.bsf                ; --            ; --          ; --             ;
; MISC_FILE                          ; lpm_add_sub5.inc                ; --            ; --          ; --             ;
; MISC_FILE                          ; lpm_add_sub6.tdf                ; --            ; --          ; --             ;
; MISC_FILE                          ; lpm_add_sub6.bsf                ; --            ; --          ; --             ;
; MISC_FILE                          ; lpm_add_sub6.inc                ; --            ; --          ; --             ;
; MISC_FILE                          ; lpm_add_sub7.tdf                ; --            ; --          ; --             ;
; MISC_FILE                          ; lpm_add_sub7.bsf                ; --            ; --          ; --             ;
; MISC_FILE                          ; lpm_add_sub7.inc                ; --            ; --          ; --             ;
; MISC_FILE                          ; lpm_add_sub8.tdf                ; --            ; --          ; --             ;
; MISC_FILE                          ; lpm_add_sub8.bsf                ; --            ; --          ; --             ;
; MISC_FILE                          ; lpm_add_sub8.inc                ; --            ; --          ; --             ;
; MISC_FILE                          ; lpm_dff4.tdf                    ; --            ; --          ; --             ;
; MISC_FILE                          ; lpm_dff4.bsf                    ; --            ; --          ; --             ;
; MISC_FILE                          ; lpm_dff4.inc                    ; --            ; --          ; --             ;
; MISC_FILE                          ; lpm_or0.tdf                     ; --            ; --          ; --             ;
; MISC_FILE                          ; lpm_or0.bsf                     ; --            ; --          ; --             ;
; MISC_FILE                          ; lpm_or0.inc                     ; --            ; --          ; --             ;
; MISC_FILE                          ; lpm_inv1.tdf                    ; --            ; --          ; --             ;
; MISC_FILE                          ; lpm_inv1.bsf                    ; --            ; --          ; --             ;
; MISC_FILE                          ; lpm_inv1.inc                    ; --            ; --          ; --             ;
; MISC_FILE                          ; lpm_add_sub9.tdf                ; --            ; --          ; --             ;
; MISC_FILE                          ; lpm_add_sub9.bsf                ; --            ; --          ; --             ;
; MISC_FILE                          ; lpm_add_sub9.inc                ; --            ; --          ; --             ;
; MISC_FILE                          ; lpm_or1.tdf                     ; --            ; --          ; --             ;
; MISC_FILE                          ; lpm_or1.bsf                     ; --            ; --          ; --             ;
; MISC_FILE                          ; lpm_or1.inc                     ; --            ; --          ; --             ;
; MISC_FILE                          ; lpm_clshift0.tdf                ; --            ; --          ; --             ;
; MISC_FILE                          ; lpm_clshift0.bsf                ; --            ; --          ; --             ;
; MISC_FILE                          ; lpm_clshift0.inc                ; --            ; --          ; --             ;
; MISC_FILE                          ; lpm_constant2.tdf               ; --            ; --          ; --             ;
; MISC_FILE                          ; lpm_constant2.bsf               ; --            ; --          ; --             ;
; MISC_FILE                          ; lpm_constant2.inc               ; --            ; --          ; --             ;
; MISC_FILE                          ; lpm_mux7.tdf                    ; --            ; --          ; --             ;
; MISC_FILE                          ; lpm_mux7.bsf                    ; --            ; --          ; --             ;
; MISC_FILE                          ; lpm_mux7.inc                    ; --            ; --          ; --             ;
; MISC_FILE                          ; lpm_counter4.tdf                ; --            ; --          ; --             ;
; MISC_FILE                          ; lpm_counter4.bsf                ; --            ; --          ; --             ;
; MISC_FILE                          ; lpm_counter4.inc                ; --            ; --          ; --             ;
; MISC_FILE                          ; lpm_constant3.tdf               ; --            ; --          ; --             ;
; MISC_FILE                          ; lpm_constant3.bsf               ; --            ; --          ; --             ;
; MISC_FILE                          ; lpm_constant3.inc               ; --            ; --          ; --             ;
; MISC_FILE                          ; lpm_add_sub10.tdf               ; --            ; --          ; --             ;
; MISC_FILE                          ; lpm_add_sub10.bsf               ; --            ; --          ; --             ;
; MISC_FILE                          ; lpm_add_sub10.inc               ; --            ; --          ; --             ;
; MISC_FILE                          ; lpm_dff5.tdf                    ; --            ; --          ; --             ;
; MISC_FILE                          ; lpm_dff5.bsf                    ; --            ; --          ; --             ;
; MISC_FILE                          ; lpm_dff5.inc                    ; --            ; --          ; --             ;
; MISC_FILE                          ; lpm_and3.tdf                    ; --            ; --          ; --             ;
; MISC_FILE                          ; lpm_and3.bsf                    ; --            ; --          ; --             ;
; MISC_FILE                          ; lpm_and3.inc                    ; --            ; --          ; --             ;
; MISC_FILE                          ; lpm_and4.tdf                    ; --            ; --          ; --             ;
; MISC_FILE                          ; lpm_and4.bsf                    ; --            ; --          ; --             ;
; MISC_FILE                          ; lpm_and4.inc                    ; --            ; --          ; --             ;
; MISC_FILE                          ; lpm_constant4.tdf               ; --            ; --          ; --             ;
; MISC_FILE                          ; lpm_constant4.bsf               ; --            ; --          ; --             ;
; MISC_FILE                          ; lpm_constant4.inc               ; --            ; --          ; --             ;
; MISC_FILE                          ; lpm_add_sub11.tdf               ; --            ; --          ; --             ;
; MISC_FILE                          ; lpm_add_sub11.bsf               ; --            ; --          ; --             ;
; MISC_FILE                          ; lpm_add_sub11.inc               ; --            ; --          ; --             ;
; MISC_FILE                          ; lpm_add_sub12.tdf               ; --            ; --          ; --             ;
; MISC_FILE                          ; lpm_add_sub12.bsf               ; --            ; --          ; --             ;
; MISC_FILE                          ; lpm_add_sub12.inc               ; --            ; --          ; --             ;
; MISC_FILE                          ; lpm_mux8.tdf                    ; --            ; --          ; --             ;
; MISC_FILE                          ; lpm_mux8.bsf                    ; --            ; --          ; --             ;
; MISC_FILE                          ; lpm_mux8.inc                    ; --            ; --          ; --             ;
; MISC_FILE                          ; lpm_dff6.tdf                    ; --            ; --          ; --             ;
; MISC_FILE                          ; lpm_dff6.bsf                    ; --            ; --          ; --             ;
; MISC_FILE                          ; lpm_dff6.inc                    ; --            ; --          ; --             ;
; MISC_FILE                          ; lpm_rom2.tdf                    ; --            ; --          ; --             ;
; MISC_FILE                          ; lpm_rom2.bsf                    ; --            ; --          ; --             ;
; MISC_FILE                          ; lpm_rom2.inc                    ; --            ; --          ; --             ;
; MISC_FILE                          ; lpm_counter5.tdf                ; --            ; --          ; --             ;
; MISC_FILE                          ; lpm_counter5.bsf                ; --            ; --          ; --             ;
; MISC_FILE                          ; lpm_counter5.inc                ; --            ; --          ; --             ;
; MISC_FILE                          ; lpm_counter6.tdf                ; --            ; --          ; --             ;
; MISC_FILE                          ; lpm_counter6.bsf                ; --            ; --          ; --             ;
; MISC_FILE                          ; lpm_counter6.inc                ; --            ; --          ; --             ;
; MISC_FILE                          ; lpm_decode1.tdf                 ; --            ; --          ; --             ;
; MISC_FILE                          ; lpm_decode1.bsf                 ; --            ; --          ; --             ;
; MISC_FILE                          ; lpm_decode1.inc                 ; --            ; --          ; --             ;
; MISC_FILE                          ; lpm_dff7.tdf                    ; --            ; --          ; --             ;
; MISC_FILE                          ; lpm_dff7.bsf                    ; --            ; --          ; --             ;
; MISC_FILE                          ; lpm_dff7.inc                    ; --            ; --          ; --             ;
; MISC_FILE                          ; lpm_counter7.tdf                ; --            ; --          ; --             ;
; MISC_FILE                          ; lpm_counter7.bsf                ; --            ; --          ; --             ;
; MISC_FILE                          ; lpm_counter7.inc                ; --            ; --          ; --             ;
; MISC_FILE                          ; lpm_decode2.tdf                 ; --            ; --          ; --             ;
; MISC_FILE                          ; lpm_decode2.bsf                 ; --            ; --          ; --             ;
; MISC_FILE                          ; lpm_decode2.inc                 ; --            ; --          ; --             ;
; MISC_FILE                          ; lpm_counter8.tdf                ; --            ; --          ; --             ;
; MISC_FILE                          ; lpm_counter8.bsf                ; --            ; --          ; --             ;
; MISC_FILE                          ; lpm_counter8.inc                ; --            ; --          ; --             ;
; MISC_FILE                          ; lpm_add_sub13.tdf               ; --            ; --          ; --             ;
; MISC_FILE                          ; lpm_add_sub13.bsf               ; --            ; --          ; --             ;
; MISC_FILE                          ; lpm_add_sub13.inc               ; --            ; --          ; --             ;
; MISC_FILE                          ; lpm_or2.tdf                     ; --            ; --          ; --             ;
; MISC_FILE                          ; lpm_or2.bsf                     ; --            ; --          ; --             ;
; MISC_FILE                          ; lpm_or2.inc                     ; --            ; --          ; --             ;
; MISC_FILE                          ; lpm_constant5.tdf               ; --            ; --          ; --             ;
; MISC_FILE                          ; lpm_constant5.bsf               ; --            ; --          ; --             ;
; MISC_FILE                          ; lpm_constant5.inc               ; --            ; --          ; --             ;
; MISC_FILE                          ; lpm_dff8.tdf                    ; --            ; --          ; --             ;
; MISC_FILE                          ; lpm_dff8.bsf                    ; --            ; --          ; --             ;
; MISC_FILE                          ; lpm_dff8.inc                    ; --            ; --          ; --             ;
; MISC_FILE                          ; lpm_dff9.tdf                    ; --            ; --          ; --             ;
; MISC_FILE                          ; lpm_dff9.bsf                    ; --            ; --          ; --             ;
; MISC_FILE                          ; lpm_dff9.inc                    ; --            ; --          ; --             ;
; MISC_FILE                          ; lpm_add_sub14.tdf               ; --            ; --          ; --             ;
; MISC_FILE                          ; lpm_add_sub14.bsf               ; --            ; --          ; --             ;
; MISC_FILE                          ; lpm_add_sub14.inc               ; --            ; --          ; --             ;
; MISC_FILE                          ; lpm_mux9.tdf                    ; --            ; --          ; --             ;
; MISC_FILE                          ; lpm_mux9.bsf                    ; --            ; --          ; --             ;
; MISC_FILE                          ; lpm_mux9.inc                    ; --            ; --          ; --             ;
; MISC_FILE                          ; lpm_and5.tdf                    ; --            ; --          ; --             ;
; MISC_FILE                          ; lpm_and5.bsf                    ; --            ; --          ; --             ;
; MISC_FILE                          ; lpm_and5.inc                    ; --            ; --          ; --             ;
; MISC_FILE                          ; lpm_dff10.tdf                   ; --            ; --          ; --             ;
; MISC_FILE                          ; lpm_dff10.bsf                   ; --            ; --          ; --             ;
; MISC_FILE                          ; lpm_dff10.inc                   ; --            ; --          ; --             ;
; MISC_FILE                          ; lpm_dff11.tdf                   ; --            ; --          ; --             ;
; MISC_FILE                          ; lpm_dff11.bsf                   ; --            ; --          ; --             ;
; MISC_FILE                          ; lpm_dff11.inc                   ; --            ; --          ; --             ;
; MISC_FILE                          ; lpm_dff12.tdf                   ; --            ; --          ; --             ;
; MISC_FILE                          ; lpm_dff12.bsf                   ; --            ; --          ; --             ;
; MISC_FILE                          ; lpm_dff12.inc                   ; --            ; --          ; --             ;
; MISC_FILE                          ; lpm_constant6.tdf               ; --            ; --          ; --             ;
; MISC_FILE                          ; lpm_constant6.bsf               ; --            ; --          ; --             ;
; MISC_FILE                          ; lpm_constant6.inc               ; --            ; --          ; --             ;
; MISC_FILE                          ; lpm_constant7.tdf               ; --            ; --          ; --             ;
; MISC_FILE                          ; lpm_constant7.bsf               ; --            ; --          ; --             ;
; MISC_FILE                          ; lpm_constant7.inc               ; --            ; --          ; --             ;
; MISC_FILE                          ; lpm_constant8.tdf               ; --            ; --          ; --             ;
; MISC_FILE                          ; lpm_constant8.bsf               ; --            ; --          ; --             ;
; MISC_FILE                          ; lpm_constant8.inc               ; --            ; --          ; --             ;
; MISC_FILE                          ; lpm_constant9.tdf               ; --            ; --          ; --             ;
; MISC_FILE                          ; lpm_constant9.bsf               ; --            ; --          ; --             ;
; MISC_FILE                          ; lpm_constant9.inc               ; --            ; --          ; --             ;
; MISC_FILE                          ; lpm_constant10.tdf              ; --            ; --          ; --             ;
; MISC_FILE                          ; lpm_constant10.bsf              ; --            ; --          ; --             ;
; MISC_FILE                          ; lpm_constant10.inc              ; --            ; --          ; --             ;
; MISC_FILE                          ; lpm_and6.tdf                    ; --            ; --          ; --             ;
; MISC_FILE                          ; lpm_and6.bsf                    ; --            ; --          ; --             ;
; MISC_FILE                          ; lpm_and6.inc                    ; --            ; --          ; --             ;
; MISC_FILE                          ; lpm_compare1.tdf                ; --            ; --          ; --             ;
; MISC_FILE                          ; lpm_compare1.bsf                ; --            ; --          ; --             ;
; MISC_FILE                          ; lpm_compare1.inc                ; --            ; --          ; --             ;
; MISC_FILE                          ; lpm_or3.tdf                     ; --            ; --          ; --             ;
; MISC_FILE                          ; lpm_or3.bsf                     ; --            ; --          ; --             ;
; MISC_FILE                          ; lpm_or3.inc                     ; --            ; --          ; --             ;
; MISC_FILE                          ; lpm_and7.tdf                    ; --            ; --          ; --             ;
; MISC_FILE                          ; lpm_and7.bsf                    ; --            ; --          ; --             ;
; MISC_FILE                          ; lpm_and7.inc                    ; --            ; --          ; --             ;
; MISC_FILE                          ; lpm_counter9.tdf                ; --            ; --          ; --             ;
; MISC_FILE                          ; lpm_counter9.bsf                ; --            ; --          ; --             ;
; MISC_FILE                          ; lpm_counter9.inc                ; --            ; --          ; --             ;
; MISC_FILE                          ; lpm_decode3.tdf                 ; --            ; --          ; --             ;
; MISC_FILE                          ; lpm_decode3.bsf                 ; --            ; --          ; --             ;
; MISC_FILE                          ; lpm_decode3.inc                 ; --            ; --          ; --             ;
; MISC_FILE                          ; lpm_mux10.tdf                   ; --            ; --          ; --             ;
; MISC_FILE                          ; lpm_mux10.bsf                   ; --            ; --          ; --             ;
; MISC_FILE                          ; lpm_mux10.inc                   ; --            ; --          ; --             ;
; MISC_FILE                          ; lpm_constant11.tdf              ; --            ; --          ; --             ;
; MISC_FILE                          ; lpm_constant11.bsf              ; --            ; --          ; --             ;
; MISC_FILE                          ; lpm_constant11.inc              ; --            ; --          ; --             ;
; MISC_FILE                          ; lpm_bustri2.tdf                 ; --            ; --          ; --             ;
; MISC_FILE                          ; lpm_bustri2.bsf                 ; --            ; --          ; --             ;
; MISC_FILE                          ; lpm_bustri2.inc                 ; --            ; --          ; --             ;
; MISC_FILE                          ; lpm_decode4.tdf                 ; --            ; --          ; --             ;
; MISC_FILE                          ; lpm_decode4.bsf                 ; --            ; --          ; --             ;
; MISC_FILE                          ; lpm_decode4.inc                 ; --            ; --          ; --             ;
; MISC_FILE                          ; lpm_decode5.tdf                 ; --            ; --          ; --             ;
; MISC_FILE                          ; lpm_decode5.bsf                 ; --            ; --          ; --             ;
; MISC_FILE                          ; lpm_decode5.inc                 ; --            ; --          ; --             ;
; MISC_FILE                          ; lpm_decode6.tdf                 ; --            ; --          ; --             ;
; MISC_FILE                          ; lpm_decode6.bsf                 ; --            ; --          ; --             ;
; MISC_FILE                          ; lpm_decode6.inc                 ; --            ; --          ; --             ;
; MISC_FILE                          ; lpm_constant12.tdf              ; --            ; --          ; --             ;
; MISC_FILE                          ; lpm_constant12.bsf              ; --            ; --          ; --             ;
; MISC_FILE                          ; lpm_constant12.inc              ; --            ; --          ; --             ;
; MISC_FILE                          ; lpm_dff14.tdf                   ; --            ; --          ; --             ;
; MISC_FILE                          ; lpm_dff14.bsf                   ; --            ; --          ; --             ;
; MISC_FILE                          ; lpm_dff14.inc                   ; --            ; --          ; --             ;
; MISC_FILE                          ; lpm_inv2.tdf                    ; --            ; --          ; --             ;
; MISC_FILE                          ; lpm_inv2.bsf                    ; --            ; --          ; --             ;
; MISC_FILE                          ; lpm_inv2.inc                    ; --            ; --          ; --             ;
; MISC_FILE                          ; lpm_compare2.tdf                ; --            ; --          ; --             ;
; MISC_FILE                          ; lpm_compare2.bsf                ; --            ; --          ; --             ;
; MISC_FILE                          ; lpm_compare2.inc                ; --            ; --          ; --             ;
; MISC_FILE                          ; lpm_constant13.tdf              ; --            ; --          ; --             ;
; MISC_FILE                          ; lpm_constant13.bsf              ; --            ; --          ; --             ;
; MISC_FILE                          ; lpm_constant13.inc              ; --            ; --          ; --             ;
; MISC_FILE                          ; lpm_inv3.tdf                    ; --            ; --          ; --             ;
; MISC_FILE                          ; lpm_inv3.bsf                    ; --            ; --          ; --             ;
; MISC_FILE                          ; lpm_inv3.inc                    ; --            ; --          ; --             ;
; MISC_FILE                          ; lpm_inv4.tdf                    ; --            ; --          ; --             ;
; MISC_FILE                          ; lpm_inv4.bsf                    ; --            ; --          ; --             ;
; MISC_FILE                          ; lpm_inv4.inc                    ; --            ; --          ; --             ;
; MISC_FILE                          ; lpm_decode7.tdf                 ; --            ; --          ; --             ;
; MISC_FILE                          ; lpm_decode7.bsf                 ; --            ; --          ; --             ;
; MISC_FILE                          ; lpm_decode7.inc                 ; --            ; --          ; --             ;
; MISC_FILE                          ; lpm_bustri3.tdf                 ; --            ; --          ; --             ;
; MISC_FILE                          ; lpm_bustri3.bsf                 ; --            ; --          ; --             ;
; MISC_FILE                          ; lpm_bustri3.inc                 ; --            ; --          ; --             ;
; MISC_FILE                          ; lpm_constant14.tdf              ; --            ; --          ; --             ;
; MISC_FILE                          ; lpm_constant14.bsf              ; --            ; --          ; --             ;
; MISC_FILE                          ; lpm_constant14.inc              ; --            ; --          ; --             ;
; MISC_FILE                          ; lpm_and8.tdf                    ; --            ; --          ; --             ;
; MISC_FILE                          ; lpm_and8.bsf                    ; --            ; --          ; --             ;
; MISC_FILE                          ; lpm_and8.inc                    ; --            ; --          ; --             ;
; MISC_FILE                          ; lpm_counter10.tdf               ; --            ; --          ; --             ;
; MISC_FILE                          ; lpm_counter10.bsf               ; --            ; --          ; --             ;
; MISC_FILE                          ; lpm_counter10.inc               ; --            ; --          ; --             ;
; MISC_FILE                          ; lpm_mux11.tdf                   ; --            ; --          ; --             ;
; MISC_FILE                          ; lpm_mux11.bsf                   ; --            ; --          ; --             ;
; MISC_FILE                          ; lpm_mux11.inc                   ; --            ; --          ; --             ;
; MISC_FILE                          ; lpm_counter11.tdf               ; --            ; --          ; --             ;
; MISC_FILE                          ; lpm_counter11.bsf               ; --            ; --          ; --             ;
; MISC_FILE                          ; lpm_counter11.inc               ; --            ; --          ; --             ;
; MISC_FILE                          ; lpm_constant15.tdf              ; --            ; --          ; --             ;
; MISC_FILE                          ; lpm_constant15.bsf              ; --            ; --          ; --             ;
; MISC_FILE                          ; lpm_constant15.inc              ; --            ; --          ; --             ;
; MISC_FILE                          ; lpm_constant16.tdf              ; --            ; --          ; --             ;
; MISC_FILE                          ; lpm_constant16.bsf              ; --            ; --          ; --             ;
; MISC_FILE                          ; lpm_constant16.inc              ; --            ; --          ; --             ;
; MISC_FILE                          ; lpm_constant17.tdf              ; --            ; --          ; --             ;
; MISC_FILE                          ; lpm_constant17.bsf              ; --            ; --          ; --             ;
; MISC_FILE                          ; lpm_constant17.inc              ; --            ; --          ; --             ;
; MISC_FILE                          ; lpm_constant18.tdf              ; --            ; --          ; --             ;
; MISC_FILE                          ; lpm_constant18.bsf              ; --            ; --          ; --             ;
; MISC_FILE                          ; lpm_constant18.inc              ; --            ; --          ; --             ;
; MISC_FILE                          ; lpm_compare3.tdf                ; --            ; --          ; --             ;
; MISC_FILE                          ; lpm_compare3.bsf                ; --            ; --          ; --             ;
; MISC_FILE                          ; lpm_compare3.inc                ; --            ; --          ; --             ;
; MISC_FILE                          ; lpm_constant19.tdf              ; --            ; --          ; --             ;
; MISC_FILE                          ; lpm_constant19.bsf              ; --            ; --          ; --             ;
; MISC_FILE                          ; lpm_constant19.inc              ; --            ; --          ; --             ;
; MISC_FILE                          ; lpm_or4.tdf                     ; --            ; --          ; --             ;
; MISC_FILE                          ; lpm_or4.bsf                     ; --            ; --          ; --             ;
; MISC_FILE                          ; lpm_or4.inc                     ; --            ; --          ; --             ;
; MISC_FILE                          ; lpm_constant20.tdf              ; --            ; --          ; --             ;
; MISC_FILE                          ; lpm_constant20.bsf              ; --            ; --          ; --             ;
; MISC_FILE                          ; lpm_constant20.inc              ; --            ; --          ; --             ;
; MISC_FILE                          ; lpm_constant21.tdf              ; --            ; --          ; --             ;
; MISC_FILE                          ; lpm_constant21.bsf              ; --            ; --          ; --             ;
; MISC_FILE                          ; lpm_constant21.inc              ; --            ; --          ; --             ;
; MISC_FILE                          ; lpm_constant22.tdf              ; --            ; --          ; --             ;
; MISC_FILE                          ; lpm_constant22.bsf              ; --            ; --          ; --             ;
; MISC_FILE                          ; lpm_constant22.inc              ; --            ; --          ; --             ;
; MISC_FILE                          ; lpm_constant23.tdf              ; --            ; --          ; --             ;
; MISC_FILE                          ; lpm_constant23.bsf              ; --            ; --          ; --             ;
; MISC_FILE                          ; lpm_constant23.inc              ; --            ; --          ; --             ;
; MISC_FILE                          ; lpm_constant24.tdf              ; --            ; --          ; --             ;
; MISC_FILE                          ; lpm_constant24.bsf              ; --            ; --          ; --             ;
; MISC_FILE                          ; lpm_constant24.inc              ; --            ; --          ; --             ;
; MISC_FILE                          ; lpm_constant25.tdf              ; --            ; --          ; --             ;
; MISC_FILE                          ; lpm_constant25.bsf              ; --            ; --          ; --             ;
; MISC_FILE                          ; lpm_constant25.inc              ; --            ; --          ; --             ;
; MISC_FILE                          ; lpm_or5.tdf                     ; --            ; --          ; --             ;
; MISC_FILE                          ; lpm_or5.bsf                     ; --            ; --          ; --             ;
; MISC_FILE                          ; lpm_or5.inc                     ; --            ; --          ; --             ;
; MISC_FILE                          ; lpm_or6.tdf                     ; --            ; --          ; --             ;
; MISC_FILE                          ; lpm_or6.bsf                     ; --            ; --          ; --             ;
; MISC_FILE                          ; lpm_or6.inc                     ; --            ; --          ; --             ;
; MISC_FILE                          ; lpm_constant26.tdf              ; --            ; --          ; --             ;
; MISC_FILE                          ; lpm_constant26.bsf              ; --            ; --          ; --             ;
; MISC_FILE                          ; lpm_constant26.inc              ; --            ; --          ; --             ;
; MISC_FILE                          ; lpm_constant27.tdf              ; --            ; --          ; --             ;
; MISC_FILE                          ; lpm_constant27.bsf              ; --            ; --          ; --             ;
; MISC_FILE                          ; lpm_constant27.inc              ; --            ; --          ; --             ;
; MISC_FILE                          ; lpm_counter12.tdf               ; --            ; --          ; --             ;
; MISC_FILE                          ; lpm_counter12.bsf               ; --            ; --          ; --             ;
; MISC_FILE                          ; lpm_counter12.inc               ; --            ; --          ; --             ;
; MISC_FILE                          ; lpm_constant28.tdf              ; --            ; --          ; --             ;
; MISC_FILE                          ; lpm_constant28.bsf              ; --            ; --          ; --             ;
; MISC_FILE                          ; lpm_constant28.inc              ; --            ; --          ; --             ;
; MISC_FILE                          ; lpm_constant29.tdf              ; --            ; --          ; --             ;
; MISC_FILE                          ; lpm_constant29.bsf              ; --            ; --          ; --             ;
; MISC_FILE                          ; lpm_constant29.inc              ; --            ; --          ; --             ;
; MISC_FILE                          ; lpm_constant30.tdf              ; --            ; --          ; --             ;
; MISC_FILE                          ; lpm_constant30.bsf              ; --            ; --          ; --             ;
; MISC_FILE                          ; lpm_constant30.inc              ; --            ; --          ; --             ;
; MISC_FILE                          ; lpm_constant31.tdf              ; --            ; --          ; --             ;
; MISC_FILE                          ; lpm_constant31.bsf              ; --            ; --          ; --             ;
; MISC_FILE                          ; lpm_constant31.inc              ; --            ; --          ; --             ;
; MISC_FILE                          ; lpm_constant32.tdf              ; --            ; --          ; --             ;
; MISC_FILE                          ; lpm_constant32.bsf              ; --            ; --          ; --             ;
; MISC_FILE                          ; lpm_constant32.inc              ; --            ; --          ; --             ;
; MISC_FILE                          ; lpm_add_sub15.tdf               ; --            ; --          ; --             ;
; MISC_FILE                          ; lpm_add_sub15.bsf               ; --            ; --          ; --             ;
; MISC_FILE                          ; lpm_add_sub15.inc               ; --            ; --          ; --             ;
; MISC_FILE                          ; lpm_counter13.tdf               ; --            ; --          ; --             ;
; MISC_FILE                          ; lpm_counter13.bsf               ; --            ; --          ; --             ;
; MISC_FILE                          ; lpm_counter13.inc               ; --            ; --          ; --             ;
; MISC_FILE                          ; lpm_and9.tdf                    ; --            ; --          ; --             ;
; MISC_FILE                          ; lpm_and9.bsf                    ; --            ; --          ; --             ;
; MISC_FILE                          ; lpm_and9.inc                    ; --            ; --          ; --             ;
; MISC_FILE                          ; lpm_inv5.tdf                    ; --            ; --          ; --             ;
; MISC_FILE                          ; lpm_inv5.bsf                    ; --            ; --          ; --             ;
; MISC_FILE                          ; lpm_inv5.inc                    ; --            ; --          ; --             ;
; MISC_FILE                          ; lpm_constant33.tdf              ; --            ; --          ; --             ;
; MISC_FILE                          ; lpm_constant33.bsf              ; --            ; --          ; --             ;
; MISC_FILE                          ; lpm_constant33.inc              ; --            ; --          ; --             ;
; MISC_FILE                          ; lpm_constant34.tdf              ; --            ; --          ; --             ;
; MISC_FILE                          ; lpm_constant34.bsf              ; --            ; --          ; --             ;
; MISC_FILE                          ; lpm_constant34.inc              ; --            ; --          ; --             ;
; MISC_FILE                          ; lpm_mux12.tdf                   ; --            ; --          ; --             ;
; MISC_FILE                          ; lpm_mux12.bsf                   ; --            ; --          ; --             ;
; MISC_FILE                          ; lpm_mux12.inc                   ; --            ; --          ; --             ;
; MISC_FILE                          ; lpm_compare5.tdf                ; --            ; --          ; --             ;
; MISC_FILE                          ; lpm_compare5.bsf                ; --            ; --          ; --             ;
; MISC_FILE                          ; lpm_compare5.inc                ; --            ; --          ; --             ;
; MISC_FILE                          ; lpm_compare6.tdf                ; --            ; --          ; --             ;
; MISC_FILE                          ; lpm_compare6.bsf                ; --            ; --          ; --             ;
; MISC_FILE                          ; lpm_compare6.inc                ; --            ; --          ; --             ;
; MISC_FILE                          ; lpm_constant35.tdf              ; --            ; --          ; --             ;
; MISC_FILE                          ; lpm_constant35.bsf              ; --            ; --          ; --             ;
; MISC_FILE                          ; lpm_constant35.inc              ; --            ; --          ; --             ;
; MISC_FILE                          ; lpm_constant36.tdf              ; --            ; --          ; --             ;
; MISC_FILE                          ; lpm_constant36.bsf              ; --            ; --          ; --             ;
; MISC_FILE                          ; lpm_constant36.inc              ; --            ; --          ; --             ;
; MISC_FILE                          ; lpm_constant37.tdf              ; --            ; --          ; --             ;
; MISC_FILE                          ; lpm_constant37.bsf              ; --            ; --          ; --             ;
; MISC_FILE                          ; lpm_constant37.inc              ; --            ; --          ; --             ;
; MISC_FILE                          ; lpm_bustri4.tdf                 ; --            ; --          ; --             ;
; MISC_FILE                          ; lpm_bustri4.bsf                 ; --            ; --          ; --             ;
; MISC_FILE                          ; lpm_bustri4.inc                 ; --            ; --          ; --             ;
; MISC_FILE                          ; lpm_counter14.tdf               ; --            ; --          ; --             ;
; MISC_FILE                          ; lpm_counter14.bsf               ; --            ; --          ; --             ;
; MISC_FILE                          ; lpm_counter14.inc               ; --            ; --          ; --             ;
; PARTITION_COLOR                    ; 16764057                        ; --            ; MainSchema  ; Top            ;
; PARTITION_NETLIST_TYPE             ; SOURCE                          ; --            ; MainSchema  ; Top            ;
; TOP_LEVEL_ENTITY                   ; MainSchema                      ; Processor     ; --          ; --             ;
; USE_GENERATED_PHYSICAL_CONSTRAINTS ; Off                             ; --            ; --          ; eda_blast_fpga ;
+------------------------------------+---------------------------------+---------------+-------------+----------------+


+--------------------------------------------------------------------------------------------------------------------------+
; Flow Elapsed Time                                                                                                        ;
+----------------------+--------------+-------------------------+---------------------+------------------------------------+
; Module Name          ; Elapsed Time ; Average Processors Used ; Peak Virtual Memory ; Total CPU Time (on all processors) ;
+----------------------+--------------+-------------------------+---------------------+------------------------------------+
; Analysis & Synthesis ; 00:00:57     ; 1.0                     ; 284 MB              ; 00:00:56                           ;
; Total                ; 00:00:57     ; --                      ; --                  ; 00:00:56                           ;
+----------------------+--------------+-------------------------+---------------------+------------------------------------+


+---------------------------------------------------------------------------------------+
; Flow OS Summary                                                                       ;
+----------------------+------------------+---------------+------------+----------------+
; Module Name          ; Machine Hostname ; OS Name       ; OS Version ; Processor type ;
+----------------------+------------------+---------------+------------+----------------+
; Analysis & Synthesis ; ≈‚„ÂÌËÈ-œ        ; Windows Vista ; 6.1        ; x86_64         ;
+----------------------+------------------+---------------+------------+----------------+


------------
; Flow Log ;
------------
quartus_map --read_settings_files=on --write_settings_files=off Processor -c Processor



