--------------------------------------------------------------------------------------
Timing Analyzer Summary
--------------------------------------------------------------------------------------

Type           : Worst-case tsu
Slack          : N/A
Required Time  : None
Actual Time    : 9.716 ns
From           : memenab
To             : lpm_ram_io:inst|altram:sram|altsyncram:ram_block|altsyncram_kg91:auto_generated|ram_block1a125~porta_datain_reg0
From Clock     : --
To Clock       : CLK
Failed Paths   : 0

Type           : Worst-case tco
Slack          : N/A
Required Time  : None
Actual Time    : 32.118 ns
From           : CacheData:inst2|LineData:inst10|StringData:inst3|lpm_dff2:TAG_REG|lpm_ff:lpm_ff_component|dffs[7]
To             : DATA_OUT[3]
From Clock     : CLK
To Clock       : --
Failed Paths   : 0

Type           : Worst-case tpd
Slack          : N/A
Required Time  : None
Actual Time    : 12.830 ns
From           : memenab
To             : DATA_BUS[2]
From Clock     : --
To Clock       : --
Failed Paths   : 0

Type           : Worst-case th
Slack          : N/A
Required Time  : None
Actual Time    : 8.649 ns
From           : outenab
To             : CacheData:inst2|LineData:inst10|StringData:inst3|lpm_dff1:DATA_REG_7|lpm_ff:lpm_ff_component|dffs[15]
From Clock     : --
To Clock       : CLK
Failed Paths   : 0

Type           : Clock Setup: 'CLK'
Slack          : N/A
Required Time  : None
Actual Time    : 99.12 MHz ( period = 10.089 ns )
From           : CacheData:inst2|LineData:inst7|StringData:inst3|IS_BUSY_REG
To             : CacheData:inst2|LineData:inst7|StringData:inst3|IS_BUSY_REG
From Clock     : CLK
To Clock       : CLK
Failed Paths   : 0

Type           : Clock Hold: 'CLK'
Slack          : Not operational: Clock Skew > Data Delay
Required Time  : None
Actual Time    : N/A
From           : lpm_counter2:inst1|lpm_counter:lpm_counter_component|cntr_43j:auto_generated|safe_q[13]
To             : CacheData:inst2|LineData:inst|StringData:inst3|lpm_dff2:TAG_REG|lpm_ff:lpm_ff_component|dffs[8]
From Clock     : CLK
To Clock       : CLK
Failed Paths   : 10000

Type           : Total number of failed paths
Slack          : 
Required Time  : 
Actual Time    : 
From           : 
To             : 
From Clock     : 
To Clock       : 
Failed Paths   : 10000

--------------------------------------------------------------------------------------

