--------------------------------------------------------------------------------------
Timing Analyzer Summary
--------------------------------------------------------------------------------------

Type           : Worst-case tco
Slack          : N/A
Required Time  : None
Actual Time    : 62.161 ns
From           : Cache:inst5|Line:inst|String:inst|inst4
To             : COMMAND_BUS[13]
From Clock     : CLK
To Clock       : --
Failed Paths   : 0

Type           : Clock Setup: 'CLK'
Slack          : N/A
Required Time  : None
Actual Time    : 11.85 MHz ( period = 84.386 ns )
From           : Cache:inst5|Line:inst|String:inst|inst4
To             : Cache:inst5|Line:inst|INC_AGE:inst6|inst18
From Clock     : CLK
To Clock       : CLK
Failed Paths   : 0

Type           : Clock Hold: 'CLK'
Slack          : Not operational: Clock Skew > Data Delay
Required Time  : None
Actual Time    : N/A
From           : Processor:inst7|lpm_counter10:inst14|lpm_counter:lpm_counter_component|cntr_nlh:auto_generated|safe_q[0]
To             : Processor:inst7|lpm_dff1:inst17|lpm_ff:lpm_ff_component|dffs[11]
From Clock     : CLK
To Clock       : CLK
Failed Paths   : 10000

Type           : Total number of failed paths
Slack          : 
Required Time  : 
Actual Time    : 
From           : 
To             : 
From Clock     : 
To Clock       : 
Failed Paths   : 10000

--------------------------------------------------------------------------------------

